[debug] [2026-05-14T07:03:50.243Z] ----------------------------------------------------------------------
[debug] [2026-05-14T07:03:50.247Z] Command:       C:\Program Files\nodejs\node.exe C:\Users\Eyram\AppData\Roaming\npm\node_modules\firebase-tools\lib\bin\firebase.js init dataconnect
[debug] [2026-05-14T07:03:50.247Z] CLI Version:   15.18.0
[debug] [2026-05-14T07:03:50.248Z] Platform:      win32
[debug] [2026-05-14T07:03:50.248Z] Node Version:  v22.17.0
[debug] [2026-05-14T07:03:50.248Z] Time:          Thu May 14 2026 00:03:50 GMT-0700 (Pacific Daylight Time)
[debug] [2026-05-14T07:03:50.248Z] ----------------------------------------------------------------------
[debug] 
[info] 
     ######## #### ########  ######## ########     ###     ######  ########
     ##        ##  ##     ## ##       ##     ##  ##   ##  ##       ##
     ######    ##  ########  ######   ########  #########  ######  ######
     ##        ##  ##    ##  ##       ##     ## ##     ##       ## ##
     ##       #### ##     ## ######## ########  ##     ##  ######  ########

You're about to initialize a Firebase project in this directory:

  C:\Users\Eyram\Desktop\skild

Before we get started, keep in mind:

  * You are initializing within an existing Firebase project directory

[info] 
=== Project Setup
[info] 
[info] First, let's associate this project directory with a Firebase project.
[info] You can create multiple project aliases by running firebase use --add, 
[info] 
[debug] [2026-05-15T06:17:02.379Z] > command requires scopes: ["email","openid","https://www.googleapis.com/auth/cloudplatformprojects.readonly","https://www.googleapis.com/auth/firebase","https://www.googleapis.com/auth/cloud-platform"]
[debug] [2026-05-15T06:17:02.383Z] > authorizing via signed-in user (eyramdecutt@gmail.com)
[debug] [2026-05-15T06:17:02.400Z] Checked if tokens are valid: false, expires at: 1778743523797
[debug] [2026-05-15T06:17:02.400Z] Checked if tokens are valid: false, expires at: 1778743523797
[debug] [2026-05-15T06:17:02.401Z] > refreshing access token with scopes: []
[debug] [2026-05-15T06:17:02.423Z] >>> [apiv2][query] POST https://www.googleapis.com/oauth2/v3/token [none]
[debug] [2026-05-15T06:17:02.424Z] >>> [apiv2][body] POST https://www.googleapis.com/oauth2/v3/token [omitted]
[debug] [2026-05-15T06:17:02.662Z] *** [apiv2] error from fetch(https://www.googleapis.com/oauth2/v3/token, {"headers":{},"method":"POST","body":{"_overheadLength":545,"_valueLength":212,"_valuesToMeasure":[],"writable":false,"readable":true,"dataSize":0,"maxDataSize":2097152,"pauseStreams":true,"_released":true,"_streams":[],"_currentStream":null,"_insideLoop":false,"_pendingNext":false,"_boundary":"--------------------------4ef2bd8052df96362e37f66a","_events":{},"_eventsCount":1}}): FetchError: request to https://www.googleapis.com/oauth2/v3/token failed, reason: getaddrinfo ENOTFOUND www.googleapis.com
[error] Authentication Error: Your credentials are no longer valid. Please run firebase login --reauth

For CI servers and headless environments, generate a new token with firebase login:ci
[debug] [2026-05-15T06:17:02.665Z] Authentication Error: Your credentials are no longer valid. Please run firebase login --reauth

For CI servers and headless environments, generate a new token with firebase login:ci
[debug] [2026-05-15T06:17:02.696Z] FirebaseError: Authentication Error: Your credentials are no longer valid. Please run firebase login --reauth

For CI servers and headless environments, generate a new token with firebase login:ci
    at invalidCredentialError (C:\Users\Eyram\AppData\Roaming\npm\node_modules\firebase-tools\lib\auth.js:177:12)
    at refreshTokens (C:\Users\Eyram\AppData\Roaming\npm\node_modules\firebase-tools\lib\auth.js:590:15)
    at process.processTicksAndRejections (node:internal/process/task_queues:105:5)
    at async getAccessToken (C:\Users\Eyram\AppData\Roaming\npm\node_modules\firebase-tools\lib\apiv2.js:52:18)
    at async Client.addAuthHeader (C:\Users\Eyram\AppData\Roaming\npm\node_modules\firebase-tools\lib\apiv2.js:182:21)
    at async Client.request (C:\Users\Eyram\AppData\Roaming\npm\node_modules\firebase-tools\lib\apiv2.js:129:34)
    at async getFirebaseProject (C:\Users\Eyram\AppData\Roaming\npm\node_modules\firebase-tools\lib\management\projects.js:361:21)
    at async usingProject (C:\Users\Eyram\AppData\Roaming\npm\node_modules\firebase-tools\lib\init\features\project.js:77:16)
    at async Object.doSetup (C:\Users\Eyram\AppData\Roaming\npm\node_modules\firebase-tools\lib\init\features\project.js:29:9)
    at async init (C:\Users\Eyram\AppData\Roaming\npm\node_modules\firebase-tools\lib\init\index.js:98:13)
[error] 
[error] Error: Failed to get Firebase project skild-36c8b. Please make sure the project exists and your account has permission to access it.
